[Licensing::Module] Trying to connect to existing licensing client channel...
Built from '6000.4/staging' branch; Version is '6000.4.9f1 (f7258d6eebbe) revision 16197005'; Using compiler version '194234433'; Build Type 'Release'
OS: 'Windows 11  (10.0.26200) Professional' Language: 'en' Physical Memory: 16078 MB
BatchMode: 1, IsHumanControllingUs: 0, StartBugReporterOnCrash: 0, Is64bit: 1
System  architecture: x64
[Licensing::IpcConnector] Successfully connected to: "LicenseClient-Camille Lin" at "2026-09-06T14:54:54.7725741Z"
Process architecture: x64
Date: 2026-09-06T14:54:54Z

COMMAND LINE ARGUMENTS:
C:\Program Files\Unity\Hub\Editor\6000.4.9f1\Editor\Unity.exe
-batchmode
-nographics
-projectPath
C:\Users\Camille Lin\Projects\somnus-net-td
-executeMethod
SomnusNet.Editor.LevelOneSetup.BuildStoryMode2FromMenu
-quit
-logFile
C:\Users\Camille Lin\Projects\somnus-net-td\storymode2-build.log
Successfully changed project path to: C:\Users\Camille Lin\Projects\somnus-net-td
C:/Users/Camille Lin/Projects/somnus-net-td
Exiting without the bug reporter. Application will terminate with return code 1